// Jest Snapshot v1, https://goo.gl/fbAQLP

exports[`should render ExpenseListItem correctly 1`] = `
<div>
  <Link
    replace={false}
    to="/edit/2"
  >
    <h3>
      Shirt
    </h3>
  </Link>
  <p>
    â‚¦8.90
    -
    December 28th, 1969
  </p>
</div>
`;
